generator: already installed, replacing
stashing as generator:0
transient: already installed, replacing
stashing as transient:0
transient: already installed, replacing
stashing as transient:0
default plugins
Vin ( 1 0 )  DC  0.  AC  1.
R1 ( 1 2 )  1.K
C1 ( 2 0 )  10.n
ac: already installed, replacing
stashing as ac:0
#          
 27.       
numnodes: 2
complex BSMATRIX on gnd + 2 nodes with 5 nonzeroes, density 1.000000
Loaded AC-matrix
decomp
fbsubt
0 2.000000e+04 6.226770e-01
